// Jest Snapshot v1, https://goo.gl/fbAQLP

exports[`***--- Paragraph Component ---*** To match snapshot of Paragraph component 1`] = `ShallowWrapper {}`;
