// Jest Snapshot v1, https://goo.gl/fbAQLP

exports[`***--- Label Component ---*** To match snapshot of Label component 1`] = `ShallowWrapper {}`;
